This file contains any messages produced by compilers while
running configure, to aid debugging if configure makes a mistake.

It was created by ykclock configure 1.0.16, which was
generated by GNU Autoconf 2.73.  Invocation command line was

  $ ykclock/configure

## --------- ##
## Platform. ##
## --------- ##

hostname = archlinux
uname -m = x86_64
uname -r = 7.0.7-arch2-1
uname -s = Linux
uname -v = #1 SMP PREEMPT_DYNAMIC Thu, 14 May 2026 22:28:27 +0000

/usr/bin/uname -p = unknown
/bin/uname -X     = unknown

/bin/arch              = unknown
/usr/bin/arch -k       = unknown
/usr/convex/getsysinfo = unknown
/usr/bin/hostinfo      = unknown
/bin/machine           = unknown
/usr/bin/oslevel       = unknown
/bin/universe          = unknown

PATH: /usr/local/bin/
PATH: /usr/bin/
PATH: /bin/
PATH: /usr/local/sbin/
PATH: /var/lib/flatpak/exports/bin/
PATH: /usr/lib/jvm/default/bin/
PATH: /usr/bin/site_perl/
PATH: /usr/bin/vendor_perl/
PATH: /usr/bin/core_perl/


## ----------- ##
## Core tests. ##
## ----------- ##

configure:2248: looking for aux files: compile missing install-sh
configure:2261:  trying ykclock/
configure:2290:   ykclock/compile found
configure:2290:   ykclock/missing found
configure:2272:   ykclock/install-sh found
configure:2443: checking for a BSD-compatible install
configure:2517: result: /usr/bin/install -c
configure:2528: checking whether sleep supports fractional seconds
configure:2544: result: yes
configure:2547: checking filesystem timestamp resolution
configure:2682: result: 0.01
configure:2687: checking whether build environment is sane
configure:2732: result: yes
configure:2903: checking for a race-free mkdir -p
configure:2946: result: /usr/bin/mkdir -p
configure:2953: checking for gawk
configure:2974: found /usr/bin/gawk
configure:2986: result: gawk
configure:2997: checking whether make sets $(MAKE)
configure:3021: result: yes
configure:3047: checking whether make supports nested variables
configure:3066: result: yes
configure:3080: checking xargs -n works
configure:3096: result: yes
configure:3181: checking whether UID '1000' is supported by ustar format
configure:3187: result: yes
configure:3194: checking whether GID '1000' is supported by ustar format
configure:3200: result: yes
configure:3208: checking how to create a ustar tar archive
configure:3219: tar --version
tar (GNU tar) 1.35
Copyright (C) 2023 Free Software Foundation, Inc.
License GPLv3+: GNU GPL version 3 or later <https://gnu.org/licenses/gpl.html>.
This is free software: you are free to change and redistribute it.
There is NO WARRANTY, to the extent permitted by law.

Written by John Gilmore and Jay Fenlason.
configure:3222: $? = 0
configure:3262: tardir=conftest.dir && eval tar --format=ustar -chf - "$tardir" >conftest.tar
configure:3265: $? = 0
configure:3269: tar -xf - <conftest.tar
configure:3272: $? = 0
configure:3274: cat conftest.dir/file
GrepMe
configure:3277: $? = 0
configure:3292: result: gnutar
configure:3385: checking for gcc
configure:3406: found /usr/bin/gcc
configure:3418: result: gcc
configure:3777: checking for C compiler version
configure:3786: gcc --version >&5
gcc (GCC) 16.1.1 20260430
Copyright (C) 2026 Free Software Foundation, Inc.
This is free software; see the source for copying conditions.  There is NO
warranty; not even for MERCHANTABILITY or FITNESS FOR A PARTICULAR PURPOSE.

configure:3797: $? = 0
configure:3786: gcc -v >&5
Using built-in specs.
COLLECT_GCC=gcc
COLLECT_LTO_WRAPPER=/usr/lib/gcc/x86_64-pc-linux-gnu/16.1.1/lto-wrapper
Target: x86_64-pc-linux-gnu
Configured with: /build/gcc/src/gcc/configure --enable-languages=ada,c,c++,d,fortran,go,lto,m2,objc,obj-c++,rust,cobol --enable-bootstrap --prefix=/usr --libdir=/usr/lib --libexecdir=/usr/lib --mandir=/usr/share/man --infodir=/usr/share/info --with-bugurl=https://gitlab.archlinux.org/archlinux/packaging/packages/gcc/-/issues --with-build-config=bootstrap-lto --with-linker-hash-style=gnu --with-system-zlib --enable-cet=auto --enable-checking=release --enable-clocale=gnu --enable-default-pie --enable-default-ssp --enable-gnu-indirect-function --enable-gnu-unique-object --enable-libstdcxx-backtrace --enable-link-serialization=1 --enable-linker-build-id --enable-lto --enable-multilib --enable-plugin --enable-shared --enable-threads=posix --disable-libssp --disable-libstdcxx-pch --disable-werror --disable-fixincludes
Thread model: posix
Supported LTO compression algorithms: zlib zstd
gcc version 16.1.1 20260430 (GCC) 
configure:3797: $? = 0
configure:3786: gcc -V >&5
gcc: error: unrecognized command-line option '-V'
gcc: fatal error: no input files
compilation terminated.
configure:3797: $? = 1
configure:3786: gcc -qversion >&5
gcc: error: unrecognized command-line option '-qversion'; did you mean '--version'?
gcc: fatal error: no input files
compilation terminated.
configure:3797: $? = 1
configure:3786: gcc -version >&5
gcc: error: unrecognized command-line option '-version'
gcc: fatal error: no input files
compilation terminated.
configure:3797: $? = 1
configure:3817: checking whether the C compiler works
configure:3839: gcc    conftest.c  >&5
configure:3843: $? = 0
configure:3894: result: yes
configure:3898: checking for C compiler default output file name
configure:3900: result: a.out
configure:3906: checking for suffix of executables
configure:3913: gcc -o conftest    conftest.c  >&5
configure:3917: $? = 0
configure:3941: result: 
configure:3965: checking whether we are cross compiling
configure:3973: gcc -o conftest    conftest.c  >&5
configure:3977: $? = 0
configure:3984: ./conftest
configure:3988: $? = 0
configure:4003: result: no
configure:4009: checking for suffix of object files
configure:4032: gcc -c   conftest.c >&5
configure:4036: $? = 0
configure:4060: result: o
configure:4064: checking whether the compiler supports GNU C
configure:4084: gcc -c   conftest.c >&5
configure:4084: $? = 0
configure:4096: result: yes
configure:4107: checking whether gcc accepts -g
configure:4128: gcc -c -g  conftest.c >&5
configure:4128: $? = 0
configure:4175: result: yes
configure:4195: checking for gcc option to enable C23 features
configure:4210: gcc  -c -g -O2  conftest.c >&5
configure:4210: $? = 0
configure:4229: result: none needed
configure:4402: checking whether gcc understands -c and -o together
configure:4425: gcc -c conftest.c -o conftest2.o
configure:4428: $? = 0
configure:4425: gcc -c conftest.c -o conftest2.o
configure:4428: $? = 0
configure:4444: result: yes
configure:4464: checking whether make supports the include directive
configure:4479: make -f confmf.GNU && cat confinc.out
make[1]: Entering directory '/home/viktor878/YK-Desktop'
make[1]: Leaving directory '/home/viktor878/YK-Desktop'
this is the am__doit target
configure:4482: $? = 0
configure:4501: result: yes (GNU style)
configure:4527: checking dependency style of gcc
configure:4640: result: gcc3
configure:4670: error: Cannot find language directory 'lang.english'.

## ---------------- ##
## Cache variables. ##
## ---------------- ##

ac_cv_c_compiler_gnu=yes
ac_cv_env_CC_set=
ac_cv_env_CC_value=
ac_cv_env_CFLAGS_set=
ac_cv_env_CFLAGS_value=
ac_cv_env_CPPFLAGS_set=
ac_cv_env_CPPFLAGS_value=
ac_cv_env_LDFLAGS_set=
ac_cv_env_LDFLAGS_value=
ac_cv_env_LIBS_set=
ac_cv_env_LIBS_value=
ac_cv_env_PKG_CONFIG_LIBDIR_set=
ac_cv_env_PKG_CONFIG_LIBDIR_value=
ac_cv_env_PKG_CONFIG_PATH_set=
ac_cv_env_PKG_CONFIG_PATH_value=
ac_cv_env_PKG_CONFIG_set=
ac_cv_env_PKG_CONFIG_value=
ac_cv_env_build_alias_set=
ac_cv_env_build_alias_value=
ac_cv_env_host_alias_set=
ac_cv_env_host_alias_value=
ac_cv_env_target_alias_set=
ac_cv_env_target_alias_value=
ac_cv_env_x11_CFLAGS_set=
ac_cv_env_x11_CFLAGS_value=
ac_cv_env_x11_LIBS_set=
ac_cv_env_x11_LIBS_value=
ac_cv_env_xext_CFLAGS_set=
ac_cv_env_xext_CFLAGS_value=
ac_cv_env_xext_LIBS_set=
ac_cv_env_xext_LIBS_value=
ac_cv_env_xpm_CFLAGS_set=
ac_cv_env_xpm_CFLAGS_value=
ac_cv_env_xpm_LIBS_set=
ac_cv_env_xpm_LIBS_value=
ac_cv_objext=o
ac_cv_path_install='/usr/bin/install -c'
ac_cv_path_mkdir=/usr/bin/mkdir
ac_cv_prog_AWK=gawk
ac_cv_prog_ac_ct_CC=gcc
ac_cv_prog_cc_c23=
ac_cv_prog_cc_g=yes
ac_cv_prog_cc_stdc=
ac_cv_prog_make_make_set=yes
am_cv_CC_dependencies_compiler_type=gcc3
am_cv_filesystem_timestamp_resolution=0.01
am_cv_make_support_nested_variables=yes
am_cv_prog_cc_c_o=yes
am_cv_prog_tar_ustar=gnutar
am_cv_sleep_fractional_seconds=yes
am_cv_xargs_n_works=yes

## ----------------- ##
## Output variables. ##
## ----------------- ##

ACLOCAL='${SHELL} '\''/home/viktor878/YK-Desktop/ykclock/missing'\'' aclocal-1.18'
AMDEPBACKSLASH='\'
AMDEP_FALSE='#'
AMDEP_TRUE=''
AMTAR='$${TAR-tar}'
AM_BACKSLASH='\'
AM_DEFAULT_V=''
AM_DEFAULT_VERBOSITY='1'
AM_V=''
AUTOCONF='${SHELL} '\''/home/viktor878/YK-Desktop/ykclock/missing'\'' autoconf'
AUTOHEADER='${SHELL} '\''/home/viktor878/YK-Desktop/ykclock/missing'\'' autoheader'
AUTOMAKE='${SHELL} '\''/home/viktor878/YK-Desktop/ykclock/missing'\'' automake-1.18'
AWK='gawk'
CC='gcc'
CCDEPMODE='depmode=gcc3'
CFLAGS='-g -O2'
CPPFLAGS=''
CSCOPE='cscope'
CTAGS='ctags'
CYGPATH_W='echo'
DATE=''
DEFS=''
DEPDIR='.deps'
ECHO_C=''
ECHO_N='-n'
ECHO_T=''
ETAGS='etags'
EXEEXT=''
INSTALL_DATA='${INSTALL} -m 644'
INSTALL_PROGRAM='${INSTALL}'
INSTALL_SCRIPT='${INSTALL}'
INSTALL_STRIP_PROGRAM='$(install_sh) -c -s'
LDFLAGS=''
LIBOBJS=''
LIBS=''
LTLIBOBJS=''
MAKEINFO='${SHELL} '\''/home/viktor878/YK-Desktop/ykclock/missing'\'' makeinfo'
MKDIR_P='/usr/bin/mkdir -p'
OBJEXT='o'
PACKAGE='ykclock'
PACKAGE_BUGREPORT='wmaker-dev@lists.windowmaker.org'
PACKAGE_NAME='ykclock'
PACKAGE_STRING='ykclock 1.0.16'
PACKAGE_TARNAME='ykclock'
PACKAGE_URL=''
PACKAGE_VERSION='1.0.16'
PATH_SEPARATOR=':'
PKG_CONFIG=''
PKG_CONFIG_LIBDIR=''
PKG_CONFIG_PATH=''
SET_MAKE=''
SHELL='/bin/sh'
STRIP=''
VERSION='1.0.16'
ac_ct_CC='gcc'
am__EXEEXT_FALSE=''
am__EXEEXT_TRUE=''
am__fastdepCC_FALSE='#'
am__fastdepCC_TRUE=''
am__include='include'
am__isrc=' -I$(srcdir)'
am__leading_dot='.'
am__nodep='_no'
am__quote=''
am__rm_f_notfound=''
am__tar='tar --format=ustar -chf - "$$tardir"'
am__untar='tar -xf -'
am__xargs_n='xargs -n'
bindir='${exec_prefix}/bin'
build_alias=''
datadir='${datarootdir}'
datarootdir='${prefix}/share'
docdir='${datarootdir}/doc/${PACKAGE_TARNAME}'
dvidir='${docdir}'
exec_prefix='NONE'
host_alias=''
htmldir='${docdir}'
includedir='${prefix}/include'
infodir='${datarootdir}/info'
install_sh='${SHELL} /home/viktor878/YK-Desktop/ykclock/install-sh'
libdir='${exec_prefix}/lib'
libexecdir='${exec_prefix}/libexec'
localedir='${datarootdir}/locale'
localstatedir='${prefix}/var'
mandir='${datarootdir}/man'
mkdir_p='$(MKDIR_P)'
oldincludedir='/usr/include'
pdfdir='${docdir}'
prefix='NONE'
program_transform_name='s,x,x,'
psdir='${docdir}'
runstatedir='${localstatedir}/run'
sbindir='${exec_prefix}/sbin'
sharedstatedir='${prefix}/com'
sysconfdir='${prefix}/etc'
target_alias=''
x11_CFLAGS=''
x11_LIBS=''
xext_CFLAGS=''
xext_LIBS=''
xpm_CFLAGS=''
xpm_LIBS=''

## ----------- ##
## confdefs.h. ##
## ----------- ##

/* confdefs.h */
#define PACKAGE_NAME "ykclock"
#define PACKAGE_TARNAME "ykclock"
#define PACKAGE_VERSION "1.0.16"
#define PACKAGE_STRING "ykclock 1.0.16"
#define PACKAGE_BUGREPORT "wmaker-dev@lists.windowmaker.org"
#define PACKAGE_URL ""
#define PACKAGE "ykclock"
#define VERSION "1.0.16"

configure: exit 
